// Jest Snapshot v1, https://goo.gl/fbAQLP

exports[`MeshesView.vue renders snapshot with Resource tab 1`] = `
<div>
  <div
    class="all-meshes"
  >
    <div
      class="component-frame"
    >
      
      <div
        class="data-overview"
        data-testid="data-overview"
      >
        <div
          class="data-table-controls mb-2"
        >
          
          <a
            class="medium rounded primary k-button add-mesh-button"
            data-v-6bcbf05d=""
            type="button"
          >
            
            <!---->
            
            
            <span
              class="custom-control-icon"
            >
               + 
            </span>
             Create Mesh 
            
            <!---->
          </a>
          
          <button
            class="medium rounded primary k-button refresh-button"
            data-v-6bcbf05d=""
            type="button"
          >
            
            <!---->
            
            
            <span
              class="refresh-icon custom-control-icon"
            >
              <svg
                viewBox="0 0 36 36"
                xmlns="http://www.w3.org/2000/svg"
              >
                <g
                  fill="#fff"
                  fill-rule="nonzero"
                >
                  <path
                    d="M18 5.5a12.465 12.465 0 00-8.118 2.995 1.5 1.5 0 001.847 2.363l.115-.095A9.437 9.437 0 0118 8.5l.272.004a9.487 9.487 0 019.07 7.75l.04.246H25a.5.5 0 00-.416.777l4 6a.5.5 0 00.832 0l4-6 .04-.072A.5.5 0 0033 16.5h-2.601l-.017-.15C29.567 10.2 24.294 5.5 18 5.5zM2.584 18.723l-.04.072A.5.5 0 003 19.5h2.6l.018.15C6.433 25.8 11.706 30.5 18 30.5c3.013 0 5.873-1.076 8.118-2.995a1.5 1.5 0 00-1.847-2.363l-.115.095A9.437 9.437 0 0118 27.5l-.272-.004a9.487 9.487 0 01-9.07-7.75l-.041-.246H11a.5.5 0 00.416-.777l-4-6a.5.5 0 00-.832 0l-4 6z"
                  />
                </g>
              </svg>
            </span>
            <span>
              Refresh
            </span>
            
            <!---->
          </button>
        </div>
        <div
          class="data-overview-content"
        >
          <!-- data -->
          <div
            class="data-overview-table"
          >
            <div
              class=""
              data-testid="data-overview-table"
              data-v-54b66ee0=""
              is-clickable=""
            >
              <section
                class="k-table-wrapper"
                data-v-54b66ee0=""
              >
                <table
                  class="has-hover is-clickable k-table"
                  data-tableid="aaaabbbb-cccc-dddd-eeee-ffffffffffff"
                  data-v-54b66ee0=""
                >
                  <thead
                    class=""
                    data-v-54b66ee0=""
                  >
                    <tr
                      class=""
                      data-v-54b66ee0=""
                    >
                      
                      <th
                        class=""
                        data-v-54b66ee0=""
                      >
                        <span
                          class="d-flex align-items-center"
                          data-v-54b66ee0=""
                        >
                          
                          <span
                            class="sr-only"
                            data-v-54b66ee0=""
                          >
                            actions
                          </span>
                          
                          <!---->
                        </span>
                      </th>
                      <th
                        class=""
                        data-v-54b66ee0=""
                      >
                        <span
                          class="d-flex align-items-center"
                          data-v-54b66ee0=""
                        >
                          
                          <span
                            class=""
                            data-v-54b66ee0=""
                          >
                            Name
                          </span>
                          
                          <!---->
                        </span>
                      </th>
                      <th
                        class=""
                        data-v-54b66ee0=""
                      >
                        <span
                          class="d-flex align-items-center"
                          data-v-54b66ee0=""
                        >
                          
                          <span
                            class=""
                            data-v-54b66ee0=""
                          >
                            Type
                          </span>
                          
                          <!---->
                        </span>
                      </th>
                      
                    </tr>
                  </thead>
                  <tbody
                    data-v-54b66ee0=""
                  >
                    
                    <tr
                      class="is-selected"
                      data-v-54b66ee0=""
                      role="link"
                      tabindex="0"
                    >
                      
                      <td
                        class=""
                        data-v-54b66ee0=""
                      >
                        
                        
                        
                      </td>
                      <td
                        class=""
                        data-v-54b66ee0=""
                      >
                        
                        
                        default
                        
                        
                      </td>
                      <td
                        class=""
                        data-v-54b66ee0=""
                      >
                        
                        Mesh
                        
                      </td>
                      
                    </tr>
                    <tr
                      class=""
                      data-v-54b66ee0=""
                      role="link"
                      tabindex="0"
                    >
                      
                      <td
                        class=""
                        data-v-54b66ee0=""
                      >
                        
                        
                        
                      </td>
                      <td
                        class=""
                        data-v-54b66ee0=""
                      >
                        
                        
                        hello-world
                        
                        
                      </td>
                      <td
                        class=""
                        data-v-54b66ee0=""
                      >
                        
                        Mesh
                        
                      </td>
                      
                    </tr>
                    <tr
                      class=""
                      data-v-54b66ee0=""
                      role="link"
                      tabindex="0"
                    >
                      
                      <td
                        class=""
                        data-v-54b66ee0=""
                      >
                        
                        
                        
                      </td>
                      <td
                        class=""
                        data-v-54b66ee0=""
                      >
                        
                        
                        kong-mania-12
                        
                        
                      </td>
                      <td
                        class=""
                        data-v-54b66ee0=""
                      >
                        
                        Mesh
                        
                      </td>
                      
                    </tr>
                    
                  </tbody>
                </table>
                <!---->
              </section>
            </div>
            <div
              class="pagination"
            >
              <!--v-if-->
              <button
                class="medium rounded primary k-button"
                data-v-6bcbf05d=""
                type="button"
              >
                
                <!---->
                
                
                 Next â€º 
                
                <!---->
              </button>
            </div>
          </div>
          <!-- empty state if no items are found -->
          <!--v-if-->
          <!-- additional page content -->
          <!--v-if-->
        </div>
      </div>
      <div
        class="tab-container"
        data-testid="tab-container"
      >
        <header
          class="tab__header"
        >
          
          <div>
            <h3>
               Mesh: default
            </h3>
          </div>
          
        </header>
        <div
          class="tab__content-container"
        >
          <div
            class="k-tabs"
            data-v-6bcd6661=""
          >
            <ul
              aria-label="ktabs"
              data-v-6bcd6661=""
              role="tablist"
            >
              
              <li
                aria-controls="panel-0"
                aria-selected="false"
                class="tab-item"
                data-v-6bcd6661=""
                id="overview-tab"
                role="tab"
                tabindex="0"
              >
                <a
                  class="tab-link"
                  data-v-6bcd6661=""
                >
                  
                  Overview
                  
                </a>
              </li>
              <li
                aria-controls="panel-1"
                aria-selected="true"
                class="active tab-item"
                data-v-6bcd6661=""
                id="resources-tab"
                role="tab"
                tabindex="0"
              >
                <a
                  class="tab-link"
                  data-v-6bcd6661=""
                >
                  
                  Resources
                  
                </a>
              </li>
              <li
                aria-controls="panel-2"
                aria-selected="false"
                class="tab-item"
                data-v-6bcd6661=""
                id="yaml-tab"
                role="tab"
                tabindex="0"
              >
                <a
                  class="tab-link"
                  data-v-6bcd6661=""
                >
                  
                  YAML
                  
                </a>
              </li>
              
            </ul>
            
            <div
              aria-labelledby="overview-tab"
              class="tab-container"
              data-v-6bcd6661=""
              id="panel-0"
              role="tabpanel"
              tabindex="0"
            >
              <!---->
            </div>
            <div
              aria-labelledby="resources-tab"
              class="tab-container"
              data-v-6bcd6661=""
              id="panel-1"
              role="tabpanel"
              tabindex="0"
            >
              
              
              <div>
                <div
                  class="label-list-content"
                >
                  <section
                    aria-describedby="aaaabbbb-cccc-dddd-eeee-ffffffffffff"
                    class="noBorder kong-card"
                    data-v-52c90d54=""
                  >
                    <!---->
                    <!---->
                    <div
                      class="k-card-content d-flex"
                      data-v-52c90d54=""
                    >
                      <div
                        class="k-card-body"
                        data-v-52c90d54=""
                        id="aaaabbbb-cccc-dddd-eeee-ffffffffffff"
                      >
                        
                        <div
                          class="label-list__col-wrapper multi-col"
                        >
                          
                          
                          <div>
                            <ul>
                              
                              <li>
                                <h4>
                                  Data plane proxies
                                </h4>
                                <p>
                                  10
                                </p>
                              </li>
                              <li>
                                <h4>
                                  Circuit Breakers
                                </h4>
                                <p>
                                  2
                                </p>
                              </li>
                              <li>
                                <h4>
                                  Fault Injections
                                </h4>
                                <p>
                                  2
                                </p>
                              </li>
                              
                            </ul>
                          </div>
                          <div>
                            <ul>
                              
                              <li>
                                <h4>
                                  Health Checks
                                </h4>
                                <p>
                                  4
                                </p>
                              </li>
                              <li>
                                <h4>
                                  Mesh Gateways
                                </h4>
                                <p>
                                  1
                                </p>
                              </li>
                              <li>
                                <h4>
                                  Mesh Gateway Routes
                                </h4>
                                <p>
                                  1
                                </p>
                              </li>
                              
                            </ul>
                          </div>
                          <div>
                            <ul>
                              
                              <li>
                                <h4>
                                  Proxy Templates
                                </h4>
                                <p>
                                  1
                                </p>
                              </li>
                              <li>
                                <h4>
                                  Rate Limits
                                </h4>
                                <p>
                                  0
                                </p>
                              </li>
                              <li>
                                <h4>
                                  Retries
                                </h4>
                                <p>
                                  1
                                </p>
                              </li>
                              
                            </ul>
                          </div>
                          <div>
                            <ul>
                              
                              <li>
                                <h4>
                                  Timeouts
                                </h4>
                                <p>
                                  1
                                </p>
                              </li>
                              <li>
                                <h4>
                                  Traffic Logs
                                </h4>
                                <p>
                                  1
                                </p>
                              </li>
                              <li>
                                <h4>
                                  Traffic Permissions
                                </h4>
                                <p>
                                  3
                                </p>
                              </li>
                              
                            </ul>
                          </div>
                          <div>
                            <ul>
                              
                              <li>
                                <h4>
                                  Traffic Routes
                                </h4>
                                <p>
                                  1
                                </p>
                              </li>
                              <li>
                                <h4>
                                  Traffic Traces
                                </h4>
                                <p>
                                  3
                                </p>
                              </li>
                              <li>
                                <h4>
                                  Virtual Outbounds
                                </h4>
                                <p>
                                  0
                                </p>
                              </li>
                              
                            </ul>
                          </div>
                          
                          
                        </div>
                        
                      </div>
                      <!---->
                    </div>
                  </section>
                </div>
              </div>
              
              
            </div>
            <div
              aria-labelledby="yaml-tab"
              class="tab-container"
              data-v-6bcd6661=""
              id="panel-2"
              role="tabpanel"
              tabindex="0"
            >
              <!---->
            </div>
            
          </div>
          <div>
            <!--v-if-->
          </div>
        </div>
      </div>
      
    </div>
  </div>
</div>
`;
