// Jest Snapshot v1, https://goo.gl/fbAQLP

exports[`Zones.vue renders snapshot when multizone 1`] = `
<div>
  <div
    class="zones"
  >
    <div
      class="component-frame"
    >
      <div
        class="data-overview"
        data-testid="data-overview"
      >
        <div
          class="data-table-controls mb-2"
        >
           
          <button
            class="k-button ml-2 refresh-button small primary"
            data-v-90a15d32=""
            type="button"
          >
            <div
              class="refresh-icon"
              data-v-90a15d32=""
            >
              <svg
                data-v-90a15d32=""
                viewBox="0 0 36 36"
                xmlns="http://www.w3.org/2000/svg"
              >
                <g
                  data-v-90a15d32=""
                  fill="#fff"
                  fill-rule="nonzero"
                >
                  <path
                    d="M18 5.5a12.465 12.465 0 00-8.118 2.995 1.5 1.5 0 001.847 2.363l.115-.095A9.437 9.437 0 0118 8.5l.272.004a9.487 9.487 0 019.07 7.75l.04.246H25a.5.5 0 00-.416.777l4 6a.5.5 0 00.832 0l4-6 .04-.072A.5.5 0 0033 16.5h-2.601l-.017-.15C29.567 10.2 24.294 5.5 18 5.5zM2.584 18.723l-.04.072A.5.5 0 003 19.5h2.6l.018.15C6.433 25.8 11.706 30.5 18 30.5c3.013 0 5.873-1.076 8.118-2.995a1.5 1.5 0 00-1.847-2.363l-.115.095A9.437 9.437 0 0118 27.5l-.272-.004a9.487 9.487 0 01-9.07-7.75l-.041-.246H11a.5.5 0 00.416-.777l-4-6a.5.5 0 00-.832 0l-4 6z"
                    data-v-90a15d32=""
                  />
                </g>
              </svg>
            </div>
             
            <span
              data-v-90a15d32=""
            >
              Refresh
            </span>
          </button>
        </div>
         
        <div
          class="data-overview-content"
        >
          <!---->
           
          <div
            class="data-overview-table"
          >
            <table
              class="k-table micro-table has-hover is-clickable"
              data-v-59ad4099=""
            >
              <thead
                data-v-59ad4099=""
              >
                <tr
                  data-v-59ad4099=""
                >
                  <th
                    class=""
                    data-v-59ad4099=""
                  >
                    <!---->
                  </th>
                  <th
                    class=""
                    data-v-59ad4099=""
                  >
                     Status 
                  </th>
                  <th
                    class=""
                    data-v-59ad4099=""
                  >
                     Name 
                  </th>
                  <th
                    class=""
                    data-v-59ad4099=""
                  >
                     Zone CP Version 
                  </th>
                  <th
                    class=""
                    data-v-59ad4099=""
                  >
                     Backend 
                  </th>
                  <th
                    class=""
                    data-v-59ad4099=""
                  >
                    <!---->
                  </th>
                </tr>
              </thead>
              <tbody
                data-v-59ad4099=""
              >
                <tr
                  data-v-59ad4099=""
                >
                  <td
                    data-v-59ad4099=""
                  >
                    <a
                      class="data-table-action-link is-active"
                      data-v-59ad4099=""
                    >
                      <span
                        class="action-link__active-state"
                        data-v-59ad4099=""
                      >
                        
              âœ“
              
                        <span
                          class="sr-only"
                          data-v-59ad4099=""
                        >
                          
                Selected
              
                        </span>
                      </span>
                    </a>
                  </td>
                  <td
                    data-v-59ad4099=""
                  >
                    <div
                      class="entity-status"
                      data-v-59ad4099=""
                    >
                      <span
                        class="entity-status__dot"
                        data-v-59ad4099=""
                      />
                       
                      <span
                        class="entity-status__label"
                        data-v-59ad4099=""
                      >
                        Online
                      </span>
                    </div>
                  </td>
                  <td
                    data-v-59ad4099=""
                  >
                    cluster-1
                  </td>
                  <td
                    data-v-59ad4099=""
                  >
                    1.0.0-rc2-211-g823fe8ce
                  </td>
                  <td
                    data-v-59ad4099=""
                  >
                    memory
                  </td>
                  <td
                    data-v-59ad4099=""
                  >
                    <svg
                      class="kong-icon mr-1 kong-icon-warning"
                      data-v-59ad4099=""
                      data-v-77239f42=""
                      height="20"
                      role="img"
                      viewBox="0 0 18 16"
                      width="20"
                    >
                      <title
                        data-v-77239f42=""
                      >
                        warning
                      </title>
                      <g
                        data-v-77239f42=""
                      >
                        <path
                          d="M7.926.621a1.24 1.24 0 0 1 2.148 0l7.763 13.535A1.235 1.235 0 0 1 16.763 16H1.237a1.23 1.23 0 0 1-1.074-1.844L7.926.621z"
                          data-v-77239f42=""
                          fill="var(--yellow-400)"
                        />
                        <path
                          d="M10 11v2H8v-2h2zm0-7v5.5H8V4h2z"
                          data-v-77239f42=""
                          fill="#000"
                          fill-opacity=".9"
                          id="preserveColor"
                        />
                      </g>
                    </svg>
                  </td>
                </tr>
                <tr
                  data-v-59ad4099=""
                >
                  <td
                    data-v-59ad4099=""
                  >
                    <a
                      class="data-table-action-link"
                      data-v-59ad4099=""
                    >
                      <span
                        class="action-link__normal-state"
                        data-v-59ad4099=""
                      >
                        
              View
            
                      </span>
                    </a>
                  </td>
                  <td
                    data-v-59ad4099=""
                  >
                    <div
                      class="entity-status"
                      data-v-59ad4099=""
                    >
                      <span
                        class="entity-status__dot"
                        data-v-59ad4099=""
                      />
                       
                      <span
                        class="entity-status__label"
                        data-v-59ad4099=""
                      >
                        Online
                      </span>
                    </div>
                  </td>
                  <td
                    data-v-59ad4099=""
                  >
                    zone-1
                  </td>
                  <td
                    data-v-59ad4099=""
                  >
                    1.0.0-rc2-211-g823fe8ce
                  </td>
                  <td
                    data-v-59ad4099=""
                  >
                    memory
                  </td>
                  <td
                    data-v-59ad4099=""
                  >
                    <svg
                      class="kong-icon mr-1 kong-icon-warning"
                      data-v-59ad4099=""
                      data-v-77239f42=""
                      height="20"
                      role="img"
                      viewBox="0 0 18 16"
                      width="20"
                    >
                      <title
                        data-v-77239f42=""
                      >
                        warning
                      </title>
                      <g
                        data-v-77239f42=""
                      >
                        <path
                          d="M7.926.621a1.24 1.24 0 0 1 2.148 0l7.763 13.535A1.235 1.235 0 0 1 16.763 16H1.237a1.23 1.23 0 0 1-1.074-1.844L7.926.621z"
                          data-v-77239f42=""
                          fill="var(--yellow-400)"
                        />
                        <path
                          d="M10 11v2H8v-2h2zm0-7v5.5H8V4h2z"
                          data-v-77239f42=""
                          fill="#000"
                          fill-opacity=".9"
                          id="preserveColor"
                        />
                      </g>
                    </svg>
                  </td>
                </tr>
                <tr
                  data-v-59ad4099=""
                >
                  <td
                    data-v-59ad4099=""
                  >
                    <a
                      class="data-table-action-link"
                      data-v-59ad4099=""
                    >
                      <span
                        class="action-link__normal-state"
                        data-v-59ad4099=""
                      >
                        
              View
            
                      </span>
                    </a>
                  </td>
                  <td
                    data-v-59ad4099=""
                  >
                    <div
                      class="entity-status"
                      data-v-59ad4099=""
                    >
                      <span
                        class="entity-status__dot"
                        data-v-59ad4099=""
                      />
                       
                      <span
                        class="entity-status__label"
                        data-v-59ad4099=""
                      >
                        Online
                      </span>
                    </div>
                  </td>
                  <td
                    data-v-59ad4099=""
                  >
                    zone-2
                  </td>
                  <td
                    data-v-59ad4099=""
                  >
                    1.0.0-rc2-211-g823fe8ce
                  </td>
                  <td
                    data-v-59ad4099=""
                  >
                    memory
                  </td>
                  <td
                    data-v-59ad4099=""
                  >
                    <svg
                      class="kong-icon mr-1 kong-icon-warning"
                      data-v-59ad4099=""
                      data-v-77239f42=""
                      height="20"
                      role="img"
                      viewBox="0 0 18 16"
                      width="20"
                    >
                      <title
                        data-v-77239f42=""
                      >
                        warning
                      </title>
                      <g
                        data-v-77239f42=""
                      >
                        <path
                          d="M7.926.621a1.24 1.24 0 0 1 2.148 0l7.763 13.535A1.235 1.235 0 0 1 16.763 16H1.237a1.23 1.23 0 0 1-1.074-1.844L7.926.621z"
                          data-v-77239f42=""
                          fill="var(--yellow-400)"
                        />
                        <path
                          d="M10 11v2H8v-2h2zm0-7v5.5H8V4h2z"
                          data-v-77239f42=""
                          fill="#000"
                          fill-opacity=".9"
                          id="preserveColor"
                        />
                      </g>
                    </svg>
                  </td>
                </tr>
                <tr
                  data-v-59ad4099=""
                >
                  <td
                    data-v-59ad4099=""
                  >
                    <a
                      class="data-table-action-link"
                      data-v-59ad4099=""
                    >
                      <span
                        class="action-link__normal-state"
                        data-v-59ad4099=""
                      >
                        
              View
            
                      </span>
                    </a>
                  </td>
                  <td
                    data-v-59ad4099=""
                  >
                    <div
                      class="entity-status"
                      data-v-59ad4099=""
                    >
                      <span
                        class="entity-status__dot"
                        data-v-59ad4099=""
                      />
                       
                      <span
                        class="entity-status__label"
                        data-v-59ad4099=""
                      >
                        Online
                      </span>
                    </div>
                  </td>
                  <td
                    data-v-59ad4099=""
                  >
                    zone-3
                  </td>
                  <td
                    data-v-59ad4099=""
                  >
                    1.0.0-rc2-211-g823fe8ce
                  </td>
                  <td
                    data-v-59ad4099=""
                  >
                    memory
                  </td>
                  <td
                    data-v-59ad4099=""
                  >
                    <svg
                      class="kong-icon mr-1 kong-icon-warning"
                      data-v-59ad4099=""
                      data-v-77239f42=""
                      height="20"
                      role="img"
                      viewBox="0 0 18 16"
                      width="20"
                    >
                      <title
                        data-v-77239f42=""
                      >
                        warning
                      </title>
                      <g
                        data-v-77239f42=""
                      >
                        <path
                          d="M7.926.621a1.24 1.24 0 0 1 2.148 0l7.763 13.535A1.235 1.235 0 0 1 16.763 16H1.237a1.23 1.23 0 0 1-1.074-1.844L7.926.621z"
                          data-v-77239f42=""
                          fill="var(--yellow-400)"
                        />
                        <path
                          d="M10 11v2H8v-2h2zm0-7v5.5H8V4h2z"
                          data-v-77239f42=""
                          fill="#000"
                          fill-opacity=".9"
                          id="preserveColor"
                        />
                      </g>
                    </svg>
                  </td>
                </tr>
              </tbody>
            </table>
             
            <div
              class="pagination"
            >
              <!---->
               
              <!---->
            </div>
          </div>
           
          <!---->
           
          <!---->
        </div>
         
        <!---->
         
        <!---->
      </div>
       
      <div
        class="tab-container"
      >
        <header
          class="tab__header"
        >
          <div>
            <h3>
              Zone: cluster-1
            </h3>
          </div>
        </header>
         
        <div
          class="tab__content-container"
        >
          <div
            class="k-tabs"
            data-v-a38b664a=""
          >
            <ul
              aria-label="ktabs"
              data-v-a38b664a=""
              role="tablist"
            >
              <li
                aria-controls="panel-0"
                aria-selected="true"
                class="tab-item active"
                data-v-a38b664a=""
                id="overview-tab"
                role="tab"
                tabindex="0"
              >
                <a
                  class="tab-link"
                  data-v-a38b664a=""
                >
                  Overview
                </a>
              </li>
              <li
                aria-controls="panel-1"
                aria-selected="false"
                class="tab-item"
                data-v-a38b664a=""
                id="insights-tab"
                role="tab"
                tabindex="0"
              >
                <a
                  class="tab-link"
                  data-v-a38b664a=""
                >
                  Zone Insights
                </a>
              </li>
              <li
                aria-controls="panel-2"
                aria-selected="false"
                class="tab-item"
                data-v-a38b664a=""
                id="config-tab"
                role="tab"
                tabindex="0"
              >
                <a
                  class="tab-link"
                  data-v-a38b664a=""
                >
                  Config
                </a>
              </li>
              <li
                aria-controls="panel-3"
                aria-selected="false"
                class="tab-item"
                data-v-a38b664a=""
                id="warnings-tab"
                role="tab"
                tabindex="0"
              >
                <a
                  class="tab-link"
                  data-v-a38b664a=""
                >
                  <span
                    class="flex items-center with-warnings"
                    data-v-a38b664a=""
                  >
                    <svg
                      class="kong-icon mr-1 kong-icon-warning"
                      data-v-77239f42=""
                      data-v-a38b664a=""
                      height="16"
                      role="img"
                      viewBox="0 0 18 16"
                      width="16"
                    >
                      <title
                        data-v-77239f42=""
                      >
                        warning
                      </title>
                      <g
                        data-v-77239f42=""
                      >
                        <path
                          d="M7.926.621a1.24 1.24 0 0 1 2.148 0l7.763 13.535A1.235 1.235 0 0 1 16.763 16H1.237a1.23 1.23 0 0 1-1.074-1.844L7.926.621z"
                          data-v-77239f42=""
                          fill="var(--yellow-400)"
                        />
                        <path
                          d="M10 11v2H8v-2h2zm0-7v5.5H8V4h2z"
                          data-v-77239f42=""
                          fill="#000"
                          fill-opacity=".9"
                          id="preserveColor"
                        />
                      </g>
                    </svg>
                     
                    <span
                      data-v-a38b664a=""
                    >
                      
            Warnings
          
                    </span>
                  </span>
                </a>
              </li>
            </ul>
            <div
              aria-labelledby="overview-tab"
              class="tab-container"
              data-v-a38b664a=""
              id="panel-0"
              role="tabpanel"
              tabindex="0"
            >
              <div
                class="label-list"
                data-v-a38b664a=""
              >
                <div
                  class="label-list-content"
                >
                  <div
                    class="kong-card noBorder"
                    data-v-4ad076e4=""
                  >
                    <!---->
                    <div
                      class="k-card-body"
                      data-v-4ad076e4=""
                    >
                      <div
                        class="label-list__col-wrapper multi-col"
                        data-v-4ad076e4=""
                      >
                        <div
                          data-v-4ad076e4=""
                        >
                          <ul
                            data-v-4ad076e4=""
                          >
                            <li
                              data-v-4ad076e4=""
                            >
                              <h4
                                data-v-4ad076e4=""
                              >
                                
                  type
                
                              </h4>
                               
                              <p
                                data-v-4ad076e4=""
                              >
                                
                  ZoneOverview
                
                              </p>
                            </li>
                            <li
                              data-v-4ad076e4=""
                            >
                              <h4
                                data-v-4ad076e4=""
                              >
                                
                  name
                
                              </h4>
                               
                              <p
                                data-v-4ad076e4=""
                              >
                                
                  cluster-1
                
                              </p>
                            </li>
                            <li
                              data-v-4ad076e4=""
                            >
                              <!---->
                               
                              <p
                                data-v-4ad076e4=""
                              >
                                
                  
                
                              </p>
                            </li>
                            <li
                              data-v-4ad076e4=""
                            >
                              <h4
                                data-v-4ad076e4=""
                              >
                                
                  Authentication Type
                
                              </h4>
                               
                              <p
                                data-v-4ad076e4=""
                              >
                                
                  dpToken
                
                              </p>
                            </li>
                          </ul>
                        </div>
                      </div>
                    </div>
                  </div>
                </div>
                 
                <!---->
                 
                <!---->
                 
                <!---->
              </div>
            </div>
            <div
              aria-labelledby="insights-tab"
              class="tab-container"
              data-v-a38b664a=""
              id="panel-1"
              role="tabpanel"
              tabindex="0"
            >
              <!---->
            </div>
            <div
              aria-labelledby="config-tab"
              class="tab-container"
              data-v-a38b664a=""
              id="panel-2"
              role="tabpanel"
              tabindex="0"
            >
              <!---->
            </div>
            <div
              aria-labelledby="warnings-tab"
              class="tab-container"
              data-v-a38b664a=""
              id="panel-3"
              role="tabpanel"
              tabindex="0"
            >
              <!---->
            </div>
          </div>
           
          <div>
            <!---->
             
            <!---->
          </div>
        </div>
      </div>
    </div>
  </div>
</div>
`;

exports[`Zones.vue renders snapshot when no multizone 1`] = `
<div>
  <div
    class="zones"
  >
    <div
      class="empty-state-wrapper global-api-status"
      data-v-7725326c=""
    >
      <div
        class="empty-state-title"
        data-v-7725326c=""
      >
        <!---->
        <h5
          data-v-7725326c=""
        >
          <svg
            class="kong-icon kong-icon--centered kong-icon-dangerCircle"
            data-v-77239f42=""
            data-v-7725326c=""
            height="64"
            role="img"
            viewBox="0 0 24 24"
            width="64"
          >
            <title
              data-v-77239f42=""
            >
              dangerCircle
            </title>
            <g
              data-v-77239f42=""
            >
              <path
                d="M0,8a8,8 0 1,0 16,0a8,8 0 1,0 -16,0"
                data-v-77239f42=""
                fill="#BFBFBF"
              />
              <path
                d="M9 11v2H7v-2h2zm0-8v6.5H7V3h2z"
                data-v-77239f42=""
                fill="#FFF"
                id="preserveColor"
              />
            </g>
          </svg>
          
      Kuma is running in Standalone mode.
    
        </h5>
      </div>
      <div
        class="empty-state-content"
        data-v-7725326c=""
      >
        <p
          data-v-7725326c=""
        >
          <p
            data-v-7725326c=""
          >
            
        To access this page, you must be running in 
            <strong
              data-v-7725326c=""
            >
              Multi-Zone
            </strong>
             mode.
      
          </p>
        </p>
        <p
          data-v-7725326c=""
        >
          <a
            class="k-button primary"
            data-v-7725326c=""
            data-v-90a15d32=""
            href="https://kuma.io/docs/0.6.0/documentation/deployments/"
            target="_blank"
            type="button"
          >
            
        Learn More
      
          </a>
        </p>
      </div>
    </div>
  </div>
</div>
`;
