// Jest Snapshot v1, https://goo.gl/fbAQLP

exports[`EntityTag.vue renders basic snapshot 1`] = `
<div>
  <span
    class="entity-tag"
  >
    <span
      class="entity-tag__label entity-tag__label--is-kuma-io-label"
    >
      kuma.io/service
    </span>
    <span
      class="entity-tag__value"
    >
      backend
    </span>
  </span>
</div>
`;
