// Jest Snapshot v1, https://goo.gl/fbAQLP

exports[`EnvoyClusters.vue renders snapshot 1`] = `
<div>
  <div>
    <!---->
     
    <div
      class="empty-state-wrapper"
      data-v-567e03f2=""
    >
      <div
        class="empty-state-title"
        data-v-567e03f2=""
      >
        <!---->
        <h5
          data-v-567e03f2=""
        >
          <div
            class="card-icon mb-3"
            data-v-567e03f2=""
          >
            <svg
              class="kong-icon kong-icon-spinner"
              data-v-567e03f2=""
              data-v-a7c9c1d2=""
              height="42"
              role="img"
              viewBox="0 0 16 16"
              width="42"
            >
              <title
                data-v-a7c9c1d2=""
              >
                spinner
              </title>
              <g
                data-v-a7c9c1d2=""
              >
                <path
                  d="M13.3154759 4.60336552c.6394482-.63889655.6394482-1.67503449 0-2.31393104-.6388966-.63889655-1.6744828-.63889655-2.3133793 0-.6394483.63889655-.6394483 1.67503449 0 2.31393104.6388965.63889655 1.6744827.63889655 2.3133793 0"
                  data-v-a7c9c1d2=""
                  fill="rgba(0, 0, 0, 0.1)"
                  opacity=".1"
                />
                <path
                  d="M13.9609931 6.17246897c-.9037241 0-1.6364138.73268965-1.6364138 1.63641379 0 .90317241.7326897 1.63586207 1.6364138 1.63586207.9037241 0 1.6358621-.73268966 1.6358621-1.63586207 0-.90372414-.732138-1.63641379-1.6358621-1.63641379"
                  data-v-a7c9c1d2=""
                  fill="rgba(0, 0, 0, 0.1)"
                  opacity=".25"
                />
                <path
                  d="M10.9938207 11.0105379c-.6388966.6388966-.6388966 1.6750345 0 2.3139311.6388965.6388965 1.6750345.6388965 2.313931 0 .6388966-.6388966.6388966-1.6750345 0-2.3139311-.6388965-.6388965-1.6750345-.6388965-2.313931 0"
                  data-v-a7c9c1d2=""
                  fill="rgba(0, 0, 0, 0.1)"
                  opacity=".35"
                />
                <path
                  d="M7.79988966 12.3247448c-.90372414 0-1.63586207.7326897-1.63586207 1.6364138 0 .9031724.73213793 1.6358621 1.63586207 1.6358621.90372413 0 1.63641379-.7326897 1.63641379-1.6358621 0-.9037241-.73268966-1.6364138-1.63641379-1.6364138"
                  data-v-a7c9c1d2=""
                  fill="rgba(0, 0, 0, 0.1)"
                  opacity=".5"
                />
                <path
                  d="M2.28706207 11.004469c-.63889655.6388965-.63889655 1.6750344 0 2.313931.63889655.6388966 1.67503448.6388966 2.31393103 0 .63889656-.6388966.63889656-1.6750345 0-2.313931-.63889655-.6388966-1.67503448-.6388966-2.31393103 0"
                  data-v-a7c9c1d2=""
                  fill="rgba(0, 0, 0, 0.1)"
                  opacity=".65"
                />
                <path
                  d="M3.27244138 7.80888276c0-.90372414-.73268966-1.63641379-1.63641379-1.63641379-.90372414 0-1.63586207.73268965-1.63586207 1.63641379 0 .90317241.73213793 1.63586207 1.63586207 1.63586207.90372413 0 1.63641379-.73268966 1.63641379-1.63586207"
                  data-v-a7c9c1d2=""
                  fill="rgba(0, 0, 0, 0.1)"
                  opacity=".75"
                />
                <path
                  d="M4.59271724 4.60943448c.63889655-.63889655.63889655-1.67503448 0-2.31393103-.63889655-.63889655-1.67503448-.63889655-2.31393103 0-.63889655.63889655-.63889655 1.67503448 0 2.31393103.63889655.63889655 1.67503448.63889655 2.31393103 0"
                  data-v-a7c9c1d2=""
                  fill="rgba(0, 0, 0, 0.1)"
                  opacity=".85"
                />
                <path
                  d="M6.16402759 1.6361931c0 .90372414.73213793 1.6364138 1.63586207 1.6364138.90372413 0 1.63641379-.73268966 1.63641379-1.6364138 0-.90372413-.73268966-1.63641379-1.63641379-1.63641379-.90372414 0-1.63586207.73268966-1.63586207 1.63641379z"
                  data-v-a7c9c1d2=""
                  fill="rgba(0, 0, 0, 0.1)"
                  opacity=".95"
                />
              </g>
            </svg>
          </div>
          
      Data Loading...
    
        </h5>
      </div>
      <div
        class="empty-state-content"
        data-v-567e03f2=""
      >
        <p
          data-v-567e03f2=""
        />
        <p
          data-v-567e03f2=""
        >
          <!---->
        </p>
      </div>
    </div>
     
    <!---->
     
    <!---->
  </div>
</div>
`;
