// Jest Snapshot v1, https://goo.gl/fbAQLP

exports[`AddNewServicesCode.vue renders snapshot 1`] = `
<div
  class="route-view"
>
  <div
    aria-atomic="true"
    aria-live="assertive"
    class="route-view-title visually-hidden"
  >
    Navigated to Add new services
  </div>
  
  <!--v-if-->
  <main
    class="app-main-content"
  >
    
    <!--v-if-->
    <section
      class=""
    >
      <!--v-if-->
      
      <div>
        <div
          class="onboarding-container"
        >
          <div
            class="onboarding-container__header"
          >
            
            <div
              class="onboarding-heading"
            >
              <h1
                class="onboarding-title"
              >
                
                 Add services 
                
              </h1>
              <!--v-if-->
            </div>
            
          </div>
          <div
            class="onboarding-container__content"
          >
            <div
              class="onboarding-container__inner-content"
            >
              
              <p
                class="mb-4 text-center"
              >
                 The demo application includes two services: a Redis backend to store a counter value, and a frontend web UI to show and increment the counter. 
              </p>
              <div>
                <p
                  class="mb-4 text-center"
                >
                   Clone 
                  <a
                    href="https://github.com/kumahq/kuma-counter-demo/"
                    target="_blank"
                  >
                    the GitHub repository
                  </a>
                   for the demo application: 
                </p>
                <div
                  class="k-code-block theme-dark code-block"
                  data-testid="k-code-block"
                  id="code-block-clone-command"
                  style="--maxLineNumberWidth: 1ch;"
                  tabindex="0"
                >
                  <!---->
                  <div
                    class="k-code-block-content"
                  >
                    <pre
                      class="k-highlighted-code-block show-copy-button language-bash"
                      data-testid="k-code-block-highlighted-code-block"
                      tabindex="0"
                    >
                              
                      <span
                        class="k-line-number-rows"
                      >
                        
          
                        
                        <span
                          class="k-line"
                        >
                          
            
                          <a
                            class="k-line-anchor"
                            id="code-block-clone-command-L1"
                          >
                            1
                          </a>
                          
          
                        </span>
                        
                        
        
                      </span>
                      
        
                      <code
                        class="language-bash"
                      >
                        <span
                          class="token function"
                        >
                          git
                        </span>
                         clone https://github.com/kumahq/kuma-counter-demo/
                      </code>
                      
      
                    </pre>
                    <div
                      class="k-code-block-secondary-actions"
                    >
                      <button
                        class="k-button small outline k-code-block-copy-button"
                        data-testid="k-code-block-copy-button"
                        title="Copy (Alt+C)"
                        type="button"
                      >
                        
                        <!---->
                        
                        
                        <span
                          class="kong-icon kong-icon-copy"
                        >
                          <svg
                            height="16px"
                            role="img"
                            viewBox="0 0 32 32"
                            width="16px"
                            xmlns="http://www.w3.org/2000/svg"
                          >
                            
  
                            <title>
                              Copy (Alt+C)
                            </title>
                            
  
                            <path
                              d="M25.313 28v-18.688h-14.625v18.688h14.625zM25.313 6.688c1.438 0 2.688 1.188 2.688 2.625v18.688c0 1.438-1.25 2.688-2.688 2.688h-14.625c-1.438 0-2.688-1.25-2.688-2.688v-18.688c0-1.438 1.25-2.625 2.688-2.625h14.625zM21.313 1.313v2.688h-16v18.688h-2.625v-18.688c0-1.438 1.188-2.688 2.625-2.688h16z"
                              fill="currentColor"
                            />
                            

                          </svg>
                          

                        </span>
                        <span
                          class="visually-hidden"
                        >
                          Copy
                        </span>
                        
                        <!---->
                      </button>
                      
                      
                    </div>
                  </div>
                </div>
                <p
                  class="mt-4 text-center"
                >
                   And follow the instructions in 
                  <a
                    href="https://github.com/kumahq/kuma-counter-demo/blob/master/README.md"
                    target="_blank"
                  >
                    the README
                  </a>
                  . 
                </p>
              </div>
              <div>
                <p
                  class="status-box mt-4"
                >
                   DPPs status: 
                  <span
                    class="status--is-connected"
                    data-testid="dpps-connected"
                  >
                    Connected
                  </span>
                </p>
                <!--v-if-->
              </div>
              
            </div>
          </div>
          <div
            class="mt-4"
          >
            
            <div
              class="onboarding-actions"
            >
              <a
                class="k-button medium rounded secondary"
                data-testid="onboarding-previous-button"
                href="/gui/onboarding/add-services"
                type="button"
              >
                
                <!---->
                
                
                 Back 
                
                <!---->
              </a>
              <div
                class="button-list"
              >
                <a
                  aria-current="page"
                  class="router-link-active router-link-exact-active k-button medium rounded outline"
                  data-testid="onboarding-skip-button"
                  href="/gui/"
                  type="button"
                >
                  
                  <!---->
                  
                  
                   Skip setup 
                  
                  <!---->
                </a>
                <a
                  class="k-button medium rounded primary"
                  data-testid="onboarding-next-button"
                  href="/gui/onboarding/dataplanes-overview"
                  type="button"
                >
                  
                  <!---->
                  
                  
                  Next
                  
                  <!---->
                </a>
              </div>
            </div>
            
          </div>
        </div>
        <div
          class="background-image"
        />
      </div>
      
    </section>
    
  </main>
  
</div>
`;
