// Jest Snapshot v1, https://goo.gl/fbAQLP

exports[`CreateMesh.vue renders snapshot 1`] = `
<div>
  <div
    class="onboarding-container"
  >
    <div
      class="onboarding-container__header"
    >
      
      <div
        class="relative"
      >
        <h1
          class="onboarding-title"
        >
          Create the mesh
        </h1>
        <!--v-if-->
      </div>
      
    </div>
    <div
      class="onboarding-container__content"
    >
      <div
        class="w-full"
      >
        
        <p
          class="text-center mb-4"
        >
           When you install, Kuma creates a 
          <i>
            default
          </i>
           mesh, but you can add as many meshes as you need. 
        </p>
        <div
          class="flex justify-center mt-10 mb-12 pb-12"
        >
          <div
            class="w-full sm:w-3/5 lg:w-2/5 p-4"
          >
            <div
              class="k-table-container"
              is-small=""
            >
              <!---->
              <section
                class="k-table-wrapper"
              >
                <table
                  class="k-table has-hover"
                  data-tableid="aaaabbbb-cccc-dddd-eeee-ffffffffffff"
                >
                  <thead
                    class=""
                  >
                    <tr
                      class=""
                    >
                      
                      <th
                        class=""
                      >
                        <span
                          class="d-flex align-items-center"
                        >
                          
                          <span
                            class=""
                          >
                            Name
                          </span>
                          
                          <!---->
                        </span>
                      </th>
                      <th
                        class=""
                      >
                        <span
                          class="d-flex align-items-center"
                        >
                          
                          <span
                            class=""
                          >
                            Services
                          </span>
                          
                          <!---->
                        </span>
                      </th>
                      <th
                        class=""
                      >
                        <span
                          class="d-flex align-items-center"
                        >
                          
                          <span
                            class=""
                          >
                            DPPs
                          </span>
                          
                          <!---->
                        </span>
                      </th>
                      
                    </tr>
                  </thead>
                  <tbody>
                    
                    <tr>
                      
                      <td>
                        
                        default
                        
                      </td>
                      <td>
                        
                        0
                        
                      </td>
                      <td>
                        
                        0
                        
                      </td>
                      
                    </tr>
                    
                  </tbody>
                </table>
                <!---->
              </section>
            </div>
          </div>
        </div>
        <p
          class="text-center"
        >
           This mesh is empty. Next, you add services and their data plane proxies. 
        </p>
        
      </div>
    </div>
    
    <div
      class="mt-4 flex items-center flex-col sm:flex-row justify-between"
    >
      <a
        class="k-button medium rounded primary navigation-button navigation-button--back"
        data-testid="onboarding-previous-button"
        type="button"
      >
        onboarding-configuration-types
      </a>
      <div>
        <button
          class="k-button small rounded btn-link skip-button"
          data-testid="onboarding-skip-button"
          type="button"
        >
          
          <!---->
          
          
           Skip Setup 
          
          <!---->
        </button>
        <span
          class="inline-block"
        >
          <a
            class="k-button medium rounded primary navigation-button navigation-button--next"
            data-testid="onboarding-next-button"
            type="button"
          >
            onboarding-add-services
          </a>
        </span>
      </div>
    </div>
    
  </div>
  <div
    class="background-image"
  />
</div>
`;
