// Jest Snapshot v1, https://goo.gl/fbAQLP

exports[`UpgradeCheck.vue renders snapshot 1`] = `
<div>
  <div
    class="upgrade-check"
  >
    <div
      class="k-alert warning small none"
      data-v-825647a6=""
      role="alert"
    >
      <!---->
      <!---->
      <div
        class="k-alert-msg-text"
        data-v-825647a6=""
      >
        <!---->
        <div
          class="k-alert-msg"
          data-v-825647a6=""
        >
          <div
            class="alert-content"
            data-v-825647a6=""
          >
            <div
              data-v-825647a6=""
            >
              
          Kuma update available
        
            </div>
             
            <div
              data-v-825647a6=""
            >
              <a
                class="k-button warning-button small rounded primary"
                data-v-6ae23500=""
                data-v-825647a6=""
                href="https://kuma.io/install/latest/?utm_source=Kuma&utm_medium=Kuma-GUI"
                type="button"
              >
                <!---->
                
            Update
          
                <!---->
              </a>
            </div>
          </div>
        </div>
        <!---->
      </div>
      <!---->
      <!---->
    </div>
  </div>
</div>
`;
