// Jest Snapshot v1, https://goo.gl/fbAQLP

exports[`CreateMesh.vue renders snapshot 1`] = `
<div>
  <div>
    <div
      class="onboarding-container"
    >
      <div
        class="onboarding-container__header"
      >
        
        <div
          class="relative"
        >
          <h1
            class="onboarding-title"
          >
            Create the mesh
          </h1>
          <!--v-if-->
        </div>
        
      </div>
      <div
        class="onboarding-container__content"
      >
        <div
          class="w-full"
        >
          
          <p
            class="text-center mb-4"
          >
             When you install, Kuma creates a 
            <i>
              default
            </i>
             mesh, but you can add as many meshes as you need. 
          </p>
          <div
            class="flex justify-center mt-10 mb-12 pb-12"
          >
            <div
              class="w-full sm:w-3/5 lg:w-2/5 p-4"
            >
              <div
                data-v-222fefa6=""
                is-small=""
              >
                <section
                  class="k-table-wrapper"
                  data-v-222fefa6=""
                >
                  <table
                    class="has-hover k-table"
                    data-tableid="aaaabbbb-cccc-dddd-eeee-ffffffffffff"
                    data-v-222fefa6=""
                  >
                    <thead
                      class=""
                      data-v-222fefa6=""
                    >
                      <tr
                        class=""
                        data-v-222fefa6=""
                      >
                        
                        <th
                          class=""
                          data-v-222fefa6=""
                        >
                          <span
                            class="d-flex align-items-center"
                            data-v-222fefa6=""
                          >
                            
                            <span
                              class=""
                              data-v-222fefa6=""
                            >
                              Name
                            </span>
                            
                            <!---->
                          </span>
                        </th>
                        <th
                          class=""
                          data-v-222fefa6=""
                        >
                          <span
                            class="d-flex align-items-center"
                            data-v-222fefa6=""
                          >
                            
                            <span
                              class=""
                              data-v-222fefa6=""
                            >
                              Services
                            </span>
                            
                            <!---->
                          </span>
                        </th>
                        <th
                          class=""
                          data-v-222fefa6=""
                        >
                          <span
                            class="d-flex align-items-center"
                            data-v-222fefa6=""
                          >
                            
                            <span
                              class=""
                              data-v-222fefa6=""
                            >
                              DPPs
                            </span>
                            
                            <!---->
                          </span>
                        </th>
                        
                      </tr>
                    </thead>
                    <tbody
                      data-v-222fefa6=""
                    >
                      
                      <tr
                        data-v-222fefa6=""
                      >
                        
                        <td
                          data-v-222fefa6=""
                        >
                          
                          default
                          
                        </td>
                        <td
                          data-v-222fefa6=""
                        >
                          
                          0
                          
                        </td>
                        <td
                          data-v-222fefa6=""
                        >
                          
                          0
                          
                        </td>
                        
                      </tr>
                      
                    </tbody>
                  </table>
                  <!---->
                </section>
              </div>
            </div>
          </div>
          <p
            class="text-center"
          >
             This mesh is empty. Next, you add services and their data plane proxies. 
          </p>
          
        </div>
      </div>
      
      <div
        class="mt-4 flex items-center flex-col sm:flex-row justify-between"
      >
        <a
          class="medium rounded primary k-button navigation-button navigation-button--back"
          data-v-6f773baa=""
          type="button"
        >
          onboarding-configuration-types
        </a>
        <div>
          <button
            class="small rounded btn-link k-button skip-button"
            data-v-6f773baa=""
            type="button"
          >
            
            <!---->
            
            
             Skip Setup 
            
            <!---->
          </button>
          <span
            class="inline-block"
          >
            <a
              class="medium rounded primary k-button navigation-button navigation-button--next"
              data-v-6f773baa=""
              type="button"
            >
              onboarding-add-services
            </a>
          </span>
        </div>
      </div>
      
    </div>
    <div
      class="background-image"
    />
  </div>
</div>
`;
