// Jest Snapshot v1, https://goo.gl/fbAQLP

exports[`DataplanesOverview.vue renders snapshot 1`] = `
<div>
  <div>
    <div
      class="onboarding-container"
    >
      <div
        class="onboarding-container__header"
      >
        <div
          class="relative"
        >
          <h1
            class="onboarding-title"
          >
            
    Congratulations!
  
          </h1>
           
          <p
            class="text-center text-lg mt-3"
          >
            
    We have detected the following DPPs (dta plane proxies) connecting to this control plane
  
          </p>
           
          <div
            class="absolute right-0 top-0 mt-4 m-a flex items-center"
          >
            <button
              class="k-button skip-button small btn-link"
              data-v-38fa8ecf=""
              type="button"
            >
              
      Skip Setup
    
            </button>
          </div>
        </div>
      </div>
       
      <div
        class="onboarding-container__content"
      >
        <div
          class="w-full"
        >
          <div
            class="justify-center flex my-4"
          >
            <div>
              <p
                class="font-bold mb-4"
              >
                
          Found 3 DPPs, including:
        
              </p>
               
              <table
                class="k-table has-hover is-small side-border"
                data-v-bfeabd48=""
              >
                <thead
                  data-v-bfeabd48=""
                >
                  <tr
                    data-v-bfeabd48=""
                  >
                    <th
                      class=""
                      data-v-bfeabd48=""
                    >
                       Mesh 
                    </th>
                    <th
                      class=""
                      data-v-bfeabd48=""
                    >
                       Name 
                    </th>
                    <th
                      class=""
                      data-v-bfeabd48=""
                    >
                       Status 
                    </th>
                  </tr>
                </thead>
                <tbody
                  data-v-bfeabd48=""
                >
                  <tr
                    data-v-bfeabd48=""
                  >
                    <td
                      data-v-bfeabd48=""
                    >
                      default
                    </td>
                    <td
                      data-v-bfeabd48=""
                    >
                      dataplane-test-456
                    </td>
                    <td
                      data-v-bfeabd48=""
                    >
                      <div
                        class="entity-status"
                        data-v-bfeabd48=""
                      >
                        <span
                          class="entity-status__dot"
                          data-v-bfeabd48=""
                        />
                         
                        <span
                          class="entity-status__label"
                          data-v-bfeabd48=""
                        >
                          Online
                        </span>
                      </div>
                    </td>
                  </tr>
                  <tr
                    data-v-bfeabd48=""
                  >
                    <td
                      data-v-bfeabd48=""
                    >
                      default
                    </td>
                    <td
                      data-v-bfeabd48=""
                    >
                      ingress-dp-test-123
                    </td>
                    <td
                      data-v-bfeabd48=""
                    >
                      <div
                        class="entity-status"
                        data-v-bfeabd48=""
                      >
                        <span
                          class="entity-status__dot"
                          data-v-bfeabd48=""
                        />
                         
                        <span
                          class="entity-status__label"
                          data-v-bfeabd48=""
                        >
                          Online
                        </span>
                      </div>
                    </td>
                  </tr>
                  <tr
                    data-v-bfeabd48=""
                  >
                    <td
                      data-v-bfeabd48=""
                    >
                      default
                    </td>
                    <td
                      data-v-bfeabd48=""
                    >
                      no-subscriptions
                    </td>
                    <td
                      data-v-bfeabd48=""
                    >
                      <div
                        class="entity-status is-offline"
                        data-v-bfeabd48=""
                      >
                        <span
                          class="entity-status__dot"
                          data-v-bfeabd48=""
                        />
                         
                        <span
                          class="entity-status__label"
                          data-v-bfeabd48=""
                        >
                          Offline
                        </span>
                      </div>
                    </td>
                  </tr>
                </tbody>
              </table>
            </div>
          </div>
        </div>
      </div>
       
      <div
        class="mt-6 flex items-center flex-col sm:flex-row justify-between"
      >
        <a
          aria-current="page"
          class="k-button navigation-button navigation-button--back router-link-exact-active router-link-active primary"
          data-v-38fa8ecf=""
          href="#/"
          type="button"
        >
          
    Back
  
        </a>
          
        <a
          aria-current="page"
          class="k-button navigation-button navigation-button--next router-link-exact-active router-link-active primary"
          data-v-38fa8ecf=""
          href="#/"
          type="button"
        >
          
    Next
  
        </a>
      </div>
    </div>
     
    <div
      class="background-image"
    />
  </div>
</div>
`;
