// Jest Snapshot v1, https://goo.gl/fbAQLP

exports[`MultiZoneStatus.vue renders snapshot 1`] = `
<div>
  <div>
    <div
      class="onboarding-container"
    >
      <div
        class="onboarding-container__header"
      >
        <div
          class="relative"
        >
          <h1
            class="onboarding-title"
          >
            
    Adding a new zone
  
          </h1>
           
          <!---->
        </div>
      </div>
       
      <div
        class="onboarding-container__content"
      >
        <div
          class="w-full"
        >
          <p
            class="text-center my-4"
          >
            
      Zone status:
      
            <span
              class="text-red-500"
              data-testid="zone-offline"
            >
              Offline
            </span>
          </p>
           
          <p
            class="text-center mt-4 mb-10"
          >
            
      Zone ingress status:
      
            <span
              class="text-red-500"
              data-testid="zone-ingress-offline"
            >
              Offline
            </span>
          </p>
           
          <div
            class="flex justify-center"
          >
            <div
              class="loading"
              data-testid="loading"
            >
              <div />
               
              <div />
               
              <div />
               
              <div />
               
              <div />
            </div>
          </div>
        </div>
      </div>
       
      <div
        class="mt-4 flex items-center flex-col sm:flex-row justify-between"
      >
        <a
          aria-current="page"
          class="k-button navigation-button navigation-button--back router-link-exact-active router-link-active primary"
          data-v-38fa8ecf=""
          href="#/"
          type="button"
        >
          
    Back
  
        </a>
         
        <!---->
      </div>
    </div>
     
    <div
      class="background-image"
    />
  </div>
</div>
`;
