// Jest Snapshot v1, https://goo.gl/fbAQLP

exports[`MultiZone.vue renders snapshot 1`] = `
<div>
  <div>
    <div
      class="onboarding-container"
    >
      <div
        class="onboarding-container__header"
      >
        <div
          class="relative"
        >
          <h1
            class="onboarding-title"
          >
            
    Add zones
  
          </h1>
           
          <!---->
        </div>
      </div>
       
      <div
        class="onboarding-container__content"
      >
        <div
          class="w-full"
        >
          <p
            class="text-center mb-4"
          >
            
      A zone requires both the zone control plane and zone ingress. On Kubernetes, you run a single command to create both resources. On Universal, you must create them separately.
    
          </p>
           
          <div
            class="code-view"
          >
            <div
              class="code-view-content"
            >
              <div
                class="kong-card noBorder"
                data-v-0029352b=""
              >
                <div
                  class="k-card-header mb-4"
                  data-v-0029352b=""
                >
                  <div
                    class="k-card-title"
                    data-v-0029352b=""
                  >
                    <h4
                      data-v-0029352b=""
                    >
                      See the documentation for options to install:
                    </h4>
                  </div>
                  <div
                    class="k-card-actions"
                    data-v-0029352b=""
                  >
                    <div
                      data-v-0029352b=""
                      data-v-3cb990b6=""
                    >
                      <button
                        class="k-button primary"
                        data-v-38fa8ecf=""
                        data-v-3cb990b6=""
                        type="button"
                      >
                        
              Copy link
            
                      </button>
                      <transition-stub
                        data-v-3cb990b6=""
                        name="fade"
                      >
                        <div
                          class="k-popover"
                          data-v-3cb990b6=""
                          style="width: 200px; display: none;"
                        >
                          <!---->
                          <div
                            class="k-popover-content"
                            data-v-3cb990b6=""
                          >
                            <div>
                              <p>
                                Entity copied to clipboard!
                              </p>
                            </div>
                          </div>
                        </div>
                      </transition-stub>
                    </div>
                  </div>
                </div>
                <!---->
                <div
                  class="k-card-body"
                  data-v-0029352b=""
                >
                  <pre
                    class="code-block"
                    data-v-0029352b=""
                  >
                    <code
                      class="language-bash"
                    />
                  </pre>
                </div>
              </div>
            </div>
             
            <div>
              <!---->
               
              <!---->
               
              <!---->
            </div>
          </div>
           
          <div>
            <p
              class="text-center my-4"
            >
              
        Zone status:
        
              <span
                class="text-red-500"
                data-testid="zone-disconnected"
              >
                Disconnected
              </span>
            </p>
             
            <p
              class="text-center mt-4 mb-10"
            >
              
        Zone ingress status:
        
              <span
                class="text-red-500"
                data-testid="zone-ingress-disconnected"
              >
                Disconnected
              </span>
            </p>
             
            <div
              class="flex justify-center"
            >
              <div
                class="loading"
                data-testid="loading"
              >
                <div />
                 
                <div />
                 
                <div />
                 
                <div />
                 
                <div />
              </div>
            </div>
          </div>
        </div>
      </div>
       
      <div
        class="mt-4 flex items-center flex-col sm:flex-row justify-between"
      >
        <a
          aria-current="page"
          class="k-button navigation-button navigation-button--back router-link-exact-active router-link-active primary"
          data-v-38fa8ecf=""
          href="#/"
          type="button"
        >
          
    Back
  
        </a>
         
        <!---->
      </div>
    </div>
     
    <div
      class="background-image"
    />
  </div>
</div>
`;
