// Jest Snapshot v1, https://goo.gl/fbAQLP

exports[`PopulatingMesh.vue renders snapshot 1`] = `
<div>
  <div>
    <div
      class="onboarding-container"
    >
      <div
        class="onboarding-container__header"
      >
        <div
          class="relative"
        >
          <h1
            class="onboarding-title"
          >
            
    Creating a mesh
  
          </h1>
           
          <p
            class="text-center text-lg mt-3"
          >
            
    Kuma is a multi-mesh service mesh, this means that we can create multiple different "Meshes" for our applications that are fully compartmentalized from each other to scale across an organization.
  
          </p>
        </div>
      </div>
       
      <div
        class="onboarding-container__content"
      >
        <div
          class="w-full"
        >
          <p
            class="text-center mb-4"
          >
            
      By default, Kuma creates a "default" mesh that we can start using for our services, but we can have
      as many meshes as we need:
    
          </p>
           
          <div
            class="flex justify-center mt-10 mb-12 pb-12"
          >
            <div
              class="w-full sm:w-3/5 lg:w-2/5 p-4"
            >
              <table
                class="k-table has-hover is-small side-border"
                data-v-bfeabd48=""
              >
                <thead
                  data-v-bfeabd48=""
                >
                  <tr
                    data-v-bfeabd48=""
                  >
                    <th
                      class=""
                      data-v-bfeabd48=""
                    >
                       Name 
                    </th>
                    <th
                      class=""
                      data-v-bfeabd48=""
                    >
                       Services 
                    </th>
                    <th
                      class=""
                      data-v-bfeabd48=""
                    >
                       DPPs 
                    </th>
                  </tr>
                </thead>
                <tbody
                  data-v-bfeabd48=""
                >
                  <tr
                    data-v-bfeabd48=""
                  >
                    <td
                      data-v-bfeabd48=""
                    >
                      default
                    </td>
                    <td
                      data-v-bfeabd48=""
                    >
                      0
                    </td>
                    <td
                      data-v-bfeabd48=""
                    >
                      0
                    </td>
                  </tr>
                </tbody>
              </table>
            </div>
          </div>
           
          <p
            class="text-center"
          >
            
      The "default" mesh is currently empty with no services and therefore no data plane proxies. Let's go ahead and
      start a few services in the next step.
    
          </p>
        </div>
      </div>
       
      <div
        class="mt-4 flex items-center flex-col sm:flex-row justify-between"
      >
        <a
          aria-current="page"
          class="k-button navigation-button navigation-button--back router-link-exact-active router-link-active primary"
          data-v-38fa8ecf=""
          href="#/"
          type="button"
        >
          
    Back
  
        </a>
         
        <div>
          <button
            class="k-button skip-button small btn-link"
            data-v-38fa8ecf=""
            type="button"
          >
            
      Skip Setup
    
          </button>
           
          <a
            aria-current="page"
            class="k-button navigation-button navigation-button--next router-link-exact-active router-link-active primary"
            data-v-38fa8ecf=""
            href="#/"
            type="button"
          >
            
      Next
    
          </a>
        </div>
      </div>
    </div>
     
    <div
      class="background-image"
    />
  </div>
</div>
`;
