// Jest Snapshot v1, https://goo.gl/fbAQLP

exports[`EnvoyData.vue renders snapshot 1`] = `
<div>
  <div
    class="status-info"
  >
    <section
      class="empty-state-wrapper"
      data-testid="status-info-loading-section"
      data-v-5b55eb64=""
    >
      <div
        class="empty-state-title"
        data-v-5b55eb64=""
      >
        <!---->
        <div
          class="k-empty-state-title-header mt-4 mb-4"
          data-v-5b55eb64=""
        >
          
          <div
            class="card-icon mb-3"
          >
            <span
              class="kong-icon-spinner kong-icon"
              data-v-637de6fa=""
            >
              <svg
                fill="none"
                viewBox="0 0 20 20"
                xmlns="http://www.w3.org/2000/svg"
              >
                
  
                <title>
                  Loading
                </title>
                
  
                <g>
                  
    
                  <path
                    d="M5 10a5 5 0 1 0 5-5"
                    fill="none"
                    stroke="#A3BBCC"
                    stroke-linecap="round"
                    stroke-linejoin="round"
                    stroke-width="2"
                  />
                  
  
                </g>
                

              </svg>
              

            </span>
          </div>
           Data Loading... 
          
        </div>
      </div>
      <div
        class="empty-state-content"
        data-v-5b55eb64=""
      >
        <div
          class="k-empty-state-message mb-6"
          data-v-5b55eb64=""
        >
          
          
        </div>
        <div
          class="k-empty-state-cta"
          data-v-5b55eb64=""
        >
          
          <!---->
          
        </div>
      </div>
    </section>
  </div>
</div>
`;
