// Jest Snapshot v1, https://goo.gl/fbAQLP

exports[`AppNavItem.vue renders snapshot with link to selected mesh 1`] = `
<div
  class="nav-item nav-item--is-link"
  data-testid="data-plane-list-view"
>
  <a
    class="nav-item__link"
    href="#/mesh/all/data-planes"
  >
    All 
    <span
      class="amount amount--empty"
    >
      0
    </span>
  </a>
</div>
`;
