// Jest Snapshot v1, https://goo.gl/fbAQLP

exports[`DataOverview.vue refresh page on second page 1`] = `
Object {
  "loadData": Array [
    Array [
      12,
    ],
    Array [
      12,
    ],
  ],
}
`;

exports[`DataOverview.vue refresh page on second page 2`] = `
[MockFunction] {
  "calls": Array [
    Array [
      "pagination-next-button-clicked",
    ],
    Array [
      "table-refresh-button-clicked",
    ],
  ],
  "results": Array [
    Object {
      "type": "return",
      "value": undefined,
    },
    Object {
      "type": "return",
      "value": undefined,
    },
  ],
}
`;

exports[`DataOverview.vue renders basic snapshot 1`] = `
<div>
  <div
    class="data-overview"
  >
    <div
      class="data-table-controls mb-2"
    >
       
      <button
        class="k-button ml-2 refresh-button small primary"
        data-v-90a15d32=""
        type="button"
      >
        <div
          class="refresh-icon"
          data-v-90a15d32=""
        >
          <svg
            data-v-90a15d32=""
            viewBox="0 0 36 36"
            xmlns="http://www.w3.org/2000/svg"
          >
            <g
              data-v-90a15d32=""
              fill="#fff"
              fill-rule="nonzero"
            >
              <path
                d="M18 5.5a12.465 12.465 0 00-8.118 2.995 1.5 1.5 0 001.847 2.363l.115-.095A9.437 9.437 0 0118 8.5l.272.004a9.487 9.487 0 019.07 7.75l.04.246H25a.5.5 0 00-.416.777l4 6a.5.5 0 00.832 0l4-6 .04-.072A.5.5 0 0033 16.5h-2.601l-.017-.15C29.567 10.2 24.294 5.5 18 5.5zM2.584 18.723l-.04.072A.5.5 0 003 19.5h2.6l.018.15C6.433 25.8 11.706 30.5 18 30.5c3.013 0 5.873-1.076 8.118-2.995a1.5 1.5 0 00-1.847-2.363l-.115.095A9.437 9.437 0 0118 27.5l-.272-.004a9.487 9.487 0 01-9.07-7.75l-.041-.246H11a.5.5 0 00.416-.777l-4-6a.5.5 0 00-.832 0l-4 6z"
                data-v-90a15d32=""
              />
            </g>
          </svg>
        </div>
         
        <span
          data-v-90a15d32=""
        >
          Refresh
        </span>
      </button>
    </div>
     
    <div
      class="data-overview-content"
    >
      <!---->
       
      <div
        class="data-overview-table"
      >
        <table
          class="k-table micro-table has-hover is-clickable"
          data-v-59ad4099=""
        >
          <thead
            data-v-59ad4099=""
          >
            <tr
              data-v-59ad4099=""
            />
          </thead>
          <tbody
            data-v-59ad4099=""
          />
        </table>
         
        <div
          class="pagination"
        >
          <!---->
           
          <!---->
        </div>
      </div>
       
      <!---->
       
      <!---->
    </div>
     
    <!---->
     
    <!---->
  </div>
</div>
`;
