// Jest Snapshot v1, https://goo.gl/fbAQLP

exports[`OnboardingNotification.vue renders snapshot 1`] = `
<div>
  <div
    class="onboarding-check"
  >
    <div
      class="k-alert dismissible success"
      data-v-14c8a976=""
      role="alert"
    >
      <button
        aria-label="Close"
        class="close"
        data-v-14c8a976=""
        type="button"
      >
        <svg
          class="kong-icon kong-icon-close"
          data-v-14c8a976=""
          data-v-7d3d19ac=""
          height="12"
          role="img"
          viewBox="0 0 12 12"
          width="12"
        >
          <title
            data-v-7d3d19ac=""
          >
            close
          </title>
          <g
            data-v-7d3d19ac=""
          >
            <path
              d="M0 1l1-1h.5L6 4.49993896 10.5 0h.5l1 1v.5L7.5 6l4.5 4.5v.5l-1 1h-.5L6 7.5 1.5 12H1l-1-1v-.5L4.5 6 0 1.5z"
              data-v-7d3d19ac=""
              fill="#000"
              fill-opacity=".25"
              fill-rule="evenodd"
            />
          </g>
        </svg>
      </button>
      <!---->
      <span
        data-v-14c8a976=""
      >
        <div
          class="alert-content"
          data-v-14c8a976=""
        >
          <div
            data-v-14c8a976=""
          >
            <strong
              data-v-14c8a976=""
            >
              Welcome to Kuma!
            </strong>
             We've detected that you don't have
          any data plane proxies running yet. We've created an onboarding process to
          help you!
        
          </div>
           
          <div
            data-v-14c8a976=""
          >
            <a
              aria-current="page"
              class="k-button action-button router-link-exact-active router-link-active small primary"
              data-v-14c8a976=""
              data-v-38fa8ecf=""
              href="#/"
              type="button"
            >
              
            Get Started
          
            </a>
          </div>
        </div>
      </span>
    </div>
  </div>
</div>
`;
