// Jest Snapshot v1, https://goo.gl/fbAQLP

exports[`App.vue fails to renders basic view 1`] = `
<div>
  <div
    id="app"
  >
    <div>
      <header
        class="main-header px-4 py-1 flex justify-between items-center"
      >
        <div
          class="py-1 md:py-0 flex justify-between items-center"
        >
          <a
            aria-current="page"
            class="logo router-link-exact-active router-link-active"
            href="#/"
          >
            <img
              alt="Kuma Logo"
              src="@/assets/images/product-logo.png?external"
            />
          </a>
           
          <div
            class="my-0 mx-6 upgrade-check-wrapper"
          >
            <div
              class="upgrade-check"
            >
              <!---->
            </div>
          </div>
        </div>
         
        <div
          class="flex justify-between items-center"
        >
          <div
            class="k-alert py-1 success small"
            data-v-14c8a976=""
            role="alert"
          >
            <!---->
            <!---->
            <span
              data-v-14c8a976=""
            >
              <div
                class="alert-content flex items-center text-sm"
                data-v-14c8a976=""
              >
                <div
                  class="mr-3"
                  data-v-14c8a976=""
                >
                  
        Do more with Kuma 
                  <span
                    class="alert-content__arrow"
                    data-v-14c8a976=""
                  >
                    â†’
                  </span>
                </div>
                 
                <div
                  data-v-14c8a976=""
                >
                  <a
                    class="k-button no-underline success-button small primary"
                    data-v-14c8a976=""
                    data-v-38fa8ecf=""
                    href="https://kuma.io/enterprise/?utm_source=Kuma&utm_medium=Kuma-GUI"
                    target="_blank"
                    type="button"
                  >
                    
          Enterprise
        
                  </a>
                </div>
              </div>
            </span>
          </div>
           
          <!---->
        </div>
      </header>
       
      <main
        class="main-content"
      >
        <div
          class="empty-state-wrapper global-api-status empty-state--wide-content empty-state--compact"
          data-v-567e03f2=""
        >
          <div
            class="empty-state-title"
            data-v-567e03f2=""
          >
            <!---->
            <h5
              data-v-567e03f2=""
            >
              <svg
                class="kong-icon kong-icon--centered kong-icon-warning"
                data-v-567e03f2=""
                data-v-a7c9c1d2=""
                height="64"
                role="img"
                viewBox="0 0 48 42"
                width="64"
              >
                <title
                  data-v-a7c9c1d2=""
                >
                  warning
                </title>
                <g
                  data-v-a7c9c1d2=""
                >
                  <path
                    d="M25.129733,2.64556484 C25.0166566,2.45204254 24.8546193,2.29069544 24.6593031,2.17754095 C24.0339615,1.81525556 23.2314423,2.02651215 22.8697255,2.64556484 L2.17517915,38.0628158 C2.06036961,38.2593042 2,38.4821557 2,38.7088951 C2,39.4200371 2.58244376,40 3.30518292,40 L44.6942755,40 C44.9262204,40 45.1538685,39.9388552 45.3538494,39.8229983 C45.9741835,39.4636139 46.1830669,38.6768553 45.8242793,38.0628158 L25.129733,2.64556484 Z M26.8565586,1.63656862 L47.5511049,37.0538196 C48.4690879,38.6248825 47.9342141,40.6394832 46.3564308,41.5535561 C45.8517121,41.8459599 45.2782053,42 44.6942755,42 L3.30518292,42 C1.4797808,42 3.66949018e-16,40.5265221 0,38.7088951 C0,38.1274525 0.154699044,37.5563885 0.448353557,37.0538196 L21.1428999,1.63656862 C22.0608829,0.0655056975 24.0841012,-0.467089888 25.6618845,0.446983085 C26.1568841,0.733756171 26.5685588,1.14367738 26.8565586,1.63656862 Z"
                    data-v-a7c9c1d2=""
                    fill="var(--black-75)"
                    fill-rule="nonzero"
                    id="Triangle"
                    type="secondary"
                  />
                  <path
                    d="M25.129733,2.64556484 C25.0166566,2.45204254 24.8546193,2.29069544 24.6593031,2.17754095 C24.0339615,1.81525556 23.2314423,2.02651215 22.8697255,2.64556484 L2.17517915,38.0628158 C2.06036961,38.2593042 2,38.4821557 2,38.7088951 C2,39.4200371 2.58244376,40 3.30518292,40 L44.6942755,40 C44.9262204,40 45.1538685,39.9388552 45.3538494,39.8229983 C45.9741835,39.4636139 46.1830669,38.6768553 45.8242793,38.0628158 L25.129733,2.64556484 Z"
                    data-v-a7c9c1d2=""
                    fill="var(--yellow-300)"
                    fill-rule="nonzero"
                    id="Path"
                  />
                  <path
                    d="M23,13 L25,13 C25.5522847,13 26,13.4477153 26,14 C26,16 26,18 26,20 C26,22.6594889 25.7904331,25.0570193 25.3712994,27.192591 C25.2792336,27.6616739 24.8680521,28 24.3900199,28 L23.6099609,27.9999816 C23.1319364,27.9999816 22.7207615,27.6616608 22.6286994,27.1925851 C22.2095665,25.0570148 22,22.6594864 22,20 C22,18 22,16 22,14 C22,13.4477153 22.4477153,13 23,13 Z M24,31 C25.1045695,31 26,31.8954305 26,33 C26,34.1045695 25.1045695,35 24,35 C22.8954305,35 22,34.1045695 22,33 C22,31.8954305 22.8954305,31 24,31 Z"
                    data-v-a7c9c1d2=""
                    fill="var(--black-75)"
                    id="!"
                    type="secondary"
                  />
                </g>
              </svg>
              
    Unable to reach the API
  
            </h5>
          </div>
          <div
            class="empty-state-content"
            data-v-567e03f2=""
          >
            <p
              data-v-567e03f2=""
            >
              <p
                data-v-567e03f2=""
              >
                
      Please double check to make sure it is up and running
      
                <span
                  data-v-567e03f2=""
                >
                  , and it is reachable at 
                  <code
                    data-v-567e03f2=""
                  >
                    /
                  </code>
                </span>
              </p>
            </p>
            <p
              data-v-567e03f2=""
            >
              <!---->
            </p>
          </div>
        </div>
      </main>
    </div>
  </div>
</div>
`;
